[2026-06-05 21:32:20] Starting disk drill
[2026-06-05 21:32:20] === System State Capture ===

Date:
Fri Jun  5 21:32:20 UTC 2026

Disk:
Filesystem       Size  Used Avail Use% Mounted on
/dev/root         29G  7.7G   21G  28% /
tmpfs            3.9G  1.1M  3.9G   1% /dev/shm
tmpfs            1.6G  1.3M  1.6G   1% /run
tmpfs            5.0M     0  5.0M   0% /run/lock
efivarfs         128K  4.1K  119K   4% /sys/firmware/efi/efivars
/dev/nvme0n1p16  881M  240M  580M  30% /boot
/dev/nvme0n1p15  105M  6.2M   99M   6% /boot/efi
tmpfs            785M  124K  785M   1% /run/user/1000

Memory:
               total        used        free      shared  buff/cache   available
Mem:           7.7Gi       1.3Gi       4.0Gi        22Mi       2.6Gi       6.3Gi
Swap:             0B          0B          0B

CPU:
top - 21:32:20 up 10 min,  2 users,  load average: 0.11, 0.38, 0.33
Tasks: 218 total,   1 running, 217 sleeping,   0 stopped,   0 zombie
%Cpu(s):  4.5 us,  0.0 sy,  0.0 ni, 95.5 id,  0.0 wa,  0.0 hi,  0.0 si,  0.0 st 
MiB Mem :   7842.9 total,   4142.0 free,   1347.5 used,   2695.2 buff/cache     
MiB Swap:      0.0 total,      0.0 free,      0.0 used.   6495.5 avail Mem 

    PID USER      PR  NI    VIRT    RES    SHR S  %CPU  %MEM     TIME+ COMMAND
   8819 dcv       20   0  634088  48444  40364 S   9.1   0.6   0:03.61 dcvserv+
  11776 ubuntu    20   0   12332   5508   3360 R   9.1   0.1   0:00.01 top
      1 root      20   0   23332  14788   9728 S   0.0   0.2   0:12.42 systemd
      2 root      20   0       0      0      0 S   0.0   0.0   0:00.00 kthreadd
      3 root      20   0       0      0      0 S   0.0   0.0   0:00.00 pool_wo+
      4 root       0 -20       0      0      0 I   0.0   0.0   0:00.00 kworker+
      5 root       0 -20       0      0      0 I   0.0   0.0   0:00.00 kworker+
      6 root       0 -20       0      0      0 I   0.0   0.0   0:00.00 kworker+

Ports:
LISTEN 0      511          0.0.0.0:80        0.0.0.0:*    users:(("nginx",pid=11565,fd=7),("nginx",pid=11564,fd=7),("nginx",pid=11563,fd=7))
LISTEN 0      511          0.0.0.0:8080      0.0.0.0:*    users:(("nginx",pid=11565,fd=9),("nginx",pid=11564,fd=9),("nginx",pid=11563,fd=9))
LISTEN 0      200        127.0.0.1:5432      0.0.0.0:*    users:(("postgres",pid=10374,fd=6))                                               
LISTEN 0      511             [::]:80           [::]:*    users:(("nginx",pid=11565,fd=8),("nginx",pid=11564,fd=8),("nginx",pid=11563,fd=8))

Nginx:
● nginx.service - A high performance web server and a reverse proxy server
     Loaded: loaded (/usr/lib/systemd/system/nginx.service; enabled; preset: enabled)
     Active: active (running) since Fri 2026-06-05 21:31:57 UTC; 22s ago
       Docs: man:nginx(8)
    Process: 11560 ExecStartPre=/usr/sbin/nginx -t -q -g daemon on; master_process on; (code=exited, status=0/SUCCESS)
    Process: 11561 ExecStart=/usr/sbin/nginx -g daemon on; master_process on; (code=exited, status=0/SUCCESS)
   Main PID: 11563 (nginx)
      Tasks: 3 (limit: 9178)
     Memory: 2.4M (peak: 2.9M)
        CPU: 22ms
     CGroup: /system.slice/nginx.service
             ├─11563 "nginx: master process /usr/sbin/nginx -g daemon on; master_process on;"
Triggering disk space incident safely...
Filesystem      Size  Used Avail Use% Mounted on
/dev/root        29G  7.7G   21G  28% /
Current disk usage: 28%
Current disk usage: 28%
Current disk usage: 29%
Current disk usage: 29%
Current disk usage: 29%
Current disk usage: 29%
Current disk usage: 30%
Current disk usage: 30%
Disk space incident triggered
Filesystem      Size  Used Avail Use% Mounted on
/dev/root        29G  8.2G   20G  30% /
[2026-06-05 21:32:21] Investigating disk usage
Filesystem       Size  Used Avail Use% Mounted on
/dev/root         29G  8.2G   20G  30% /
tmpfs            3.9G  1.1M  3.9G   1% /dev/shm
tmpfs            1.6G  1.3M  1.6G   1% /run
tmpfs            5.0M     0  5.0M   0% /run/lock
efivarfs         128K  4.1K  119K   4% /sys/firmware/efi/efivars
/dev/nvme0n1p16  881M  240M  580M  30% /boot
/dev/nvme0n1p15  105M  6.2M   99M   6% /boot/efi
tmpfs            785M  124K  785M   1% /run/user/1000
513M	/tmp/disk-fill-test
8.0K	/tmp/systemd-private-0c7cc0d9478c43e9a8e8c30ab8c9b58d-upower.service-1r21um
8.0K	/tmp/systemd-private-0c7cc0d9478c43e9a8e8c30ab8c9b58d-systemd-resolved.service-DuwDR9
8.0K	/tmp/systemd-private-0c7cc0d9478c43e9a8e8c30ab8c9b58d-systemd-oomd.service-M6YDmp
8.0K	/tmp/systemd-private-0c7cc0d9478c43e9a8e8c30ab8c9b58d-systemd-logind.service-gU9PY5
8.0K	/tmp/systemd-private-0c7cc0d9478c43e9a8e8c30ab8c9b58d-switcheroo-control.service-Dv4clc
8.0K	/tmp/systemd-private-0c7cc0d9478c43e9a8e8c30ab8c9b58d-power-profiles-daemon.service-UWS6Q2
8.0K	/tmp/systemd-private-0c7cc0d9478c43e9a8e8c30ab8c9b58d-polkit.service-jwhtCH
8.0K	/tmp/systemd-private-0c7cc0d9478c43e9a8e8c30ab8c9b58d-colord.service-z16p1D
8.0K	/tmp/systemd-private-0c7cc0d9478c43e9a8e8c30ab8c9b58d-chrony.service-26TPTW
[2026-06-05 21:32:21] Resolving disk incident
Filesystem       Size  Used Avail Use% Mounted on
/dev/root         29G  7.7G   21G  28% /
tmpfs            3.9G  1.1M  3.9G   1% /dev/shm
tmpfs            1.6G  1.3M  1.6G   1% /run
tmpfs            5.0M     0  5.0M   0% /run/lock
efivarfs         128K  4.1K  119K   4% /sys/firmware/efi/efivars
/dev/nvme0n1p16  881M  240M  580M  30% /boot
/dev/nvme0n1p15  105M  6.2M   99M   6% /boot/efi
tmpfs            785M  124K  785M   1% /run/user/1000
[2026-06-05 21:32:21] === System State Capture ===

Date:
Fri Jun  5 21:32:21 UTC 2026

Disk:
Filesystem       Size  Used Avail Use% Mounted on
/dev/root         29G  7.7G   21G  28% /
tmpfs            3.9G  1.1M  3.9G   1% /dev/shm
tmpfs            1.6G  1.3M  1.6G   1% /run
tmpfs            5.0M     0  5.0M   0% /run/lock
efivarfs         128K  4.1K  119K   4% /sys/firmware/efi/efivars
/dev/nvme0n1p16  881M  240M  580M  30% /boot
/dev/nvme0n1p15  105M  6.2M   99M   6% /boot/efi
tmpfs            785M  124K  785M   1% /run/user/1000

Memory:
               total        used        free      shared  buff/cache   available
Mem:           7.7Gi       1.3Gi       4.1Gi        22Mi       2.6Gi       6.4Gi
Swap:             0B          0B          0B

CPU:
top - 21:32:22 up 10 min,  2 users,  load average: 0.11, 0.38, 0.33
Tasks: 217 total,   1 running, 216 sleeping,   0 stopped,   0 zombie
%Cpu(s):  0.0 us,  4.8 sy,  0.0 ni, 95.2 id,  0.0 wa,  0.0 hi,  0.0 si,  0.0 st 
MiB Mem :   7842.9 total,   4156.6 free,   1332.7 used,   2695.4 buff/cache     
MiB Swap:      0.0 total,      0.0 free,      0.0 used.   6510.3 avail Mem 

    PID USER      PR  NI    VIRT    RES    SHR S  %CPU  %MEM     TIME+ COMMAND
  11857 ubuntu    20   0   12332   5496   3352 R   9.1   0.1   0:00.02 top
      1 root      20   0   23332  14788   9728 S   0.0   0.2   0:12.42 systemd
      2 root      20   0       0      0      0 S   0.0   0.0   0:00.00 kthreadd
      3 root      20   0       0      0      0 S   0.0   0.0   0:00.00 pool_wo+
      4 root       0 -20       0      0      0 I   0.0   0.0   0:00.00 kworker+
      5 root       0 -20       0      0      0 I   0.0   0.0   0:00.00 kworker+
      6 root       0 -20       0      0      0 I   0.0   0.0   0:00.00 kworker+
      7 root       0 -20       0      0      0 I   0.0   0.0   0:00.00 kworker+

Ports:
LISTEN 0      511          0.0.0.0:80        0.0.0.0:*    users:(("nginx",pid=11565,fd=7),("nginx",pid=11564,fd=7),("nginx",pid=11563,fd=7))
LISTEN 0      511          0.0.0.0:8080      0.0.0.0:*    users:(("nginx",pid=11565,fd=9),("nginx",pid=11564,fd=9),("nginx",pid=11563,fd=9))
LISTEN 0      200        127.0.0.1:5432      0.0.0.0:*    users:(("postgres",pid=10374,fd=6))                                               
LISTEN 0      511             [::]:80           [::]:*    users:(("nginx",pid=11565,fd=8),("nginx",pid=11564,fd=8),("nginx",pid=11563,fd=8))

Nginx:
● nginx.service - A high performance web server and a reverse proxy server
     Loaded: loaded (/usr/lib/systemd/system/nginx.service; enabled; preset: enabled)
     Active: active (running) since Fri 2026-06-05 21:31:57 UTC; 24s ago
       Docs: man:nginx(8)
    Process: 11560 ExecStartPre=/usr/sbin/nginx -t -q -g daemon on; master_process on; (code=exited, status=0/SUCCESS)
    Process: 11561 ExecStart=/usr/sbin/nginx -g daemon on; master_process on; (code=exited, status=0/SUCCESS)
   Main PID: 11563 (nginx)
      Tasks: 3 (limit: 9178)
     Memory: 2.4M (peak: 2.9M)
        CPU: 22ms
     CGroup: /system.slice/nginx.service
             ├─11563 "nginx: master process /usr/sbin/nginx -g daemon on; master_process on;"
[2026-06-05 21:32:22] disk drill completed
[2026-06-05 21:32:22] Review log: drill-disk-20260605-213220.log
